// Vitest Snapshot v1, https://vitest.dev/guide/snapshot.html

exports[`Card > should render RequestStatusCard component 1`] = `
<div>
  <div
    class="sc-gueYoa cNueUJ sc-dmqHEX cbUebc"
  >
    <div
      class="sc-hLseeU jMASXh"
      data-testid="employee-details-section"
    >
      <div
        class="sc-gLDzan hmbCMJ"
      >
        <h1
          class="sc-fbJfA cedOEj"
          data-testid="name-label"
        >
          Name
        </h1>
        <h1
          class="sc-fbJfA cedOEj"
          data-testid="project-code-label"
        >
          Project Code
        </h1>
      </div>
      <div
        class="sc-iAEyYk czncTD"
      >
        <h1
          class="sc-brKeYL dwsKPC"
          data-testid="name"
        >
          Shivansh Garg
           (
          33067
          )
        </h1>
        <h1
          class="sc-brKeYL dwsKPC"
          data-testid="project-code"
        >
          123
        </h1>
      </div>
      <div
        class="sc-ktEKTO kAVaEc"
      />
    </div>
    <div
      class="sc-eDDNvR duEbAE"
    >
      <div
        class="sc-gLDzan hmbCMJ"
      >
        <h1
          class="sc-fbJfA cedOEj"
          data-testid="date-label"
        >
          Date
        </h1>
        <h1
          class="sc-fbJfA cedOEj"
          data-testid="pickup-time-label"
        >
          Pickup Time
        </h1>
      </div>
      <div
        class="sc-iAEyYk czncTD"
      >
        <h1
          class="sc-brKeYL dwsKPC"
          data-testid="date"
        >
          2023-07-03
        </h1>
        <h1
          class="sc-csCMJt cfDkEU"
          data-testid="pickup-time"
        >
          10:00 AM
        </h1>
      </div>
      <div
        class="sc-ktEKTO kAVaEc"
      />
    </div>
    <div
      class="sc-jTrPJq cvChAg"
      data-testid="location-section"
    >
      <div
        class="sc-fsQiph fzWrD"
      >
        <div
          class="sc-qRumB hkIvZd"
        >
          <div
            class="sc-jsMahE iQgzMo"
          >
            <img
              class="sc-kFuwaP llEZif"
              src="/src/assets/circle_icon.png"
            />
          </div>
          <div
            class="sc-hAtEyd bEtTip"
          />
          <div
            class="sc-jsMahE iQgzMo"
          >
            <img
              class="sc-kFuwaP llEZif"
              src="/src/assets/destination_icon.png"
            />
          </div>
        </div>
        <div
          class="sc-irTswW gTXNtA"
        >
          <h1
            class="sc-fbJfA cedOEj"
            data-testid="start-point-label"
          >
            Start Point
          </h1>
          <h1
            class="sc-brKeYL dwsKPC"
            data-testid="pickup-location"
            style="margin-bottom: 10px;"
          >
            Home
          </h1>
          <h1
            class="sc-fbJfA cedOEj"
            data-testid="end-point-label"
            style="margin-top: 10px;"
          >
            End Point
          </h1>
          <h1
            class="sc-brKeYL dwsKPC"
            data-testid="drop-location"
          >
            Office
          </h1>
        </div>
      </div>
    </div>
  </div>
</div>
`;
